// Jest Snapshot v1, https://goo.gl/fbAQLP

exports[`home page renders correctly 1`] = `
<View
  style={
    Object {
      "alignItems": "center",
      "flex": 1,
      "justifyContent": "center",
    }
  }
>
  <Text
    accessible={true}
    allowFontScaling={true}
    ellipsizeMode="tail"
  >
    ADD NEW PRODUCT:
  </Text>
  <View
    style={undefined}
  >
    <View>
      <View
        onLayout={[Function]}
        style={
          Array [
            Array [
              Object {
                "backgroundColor": "white",
                "borderBottomColor": "#C8C7CC",
                "borderBottomWidth": 1,
                "justifyContent": "center",
              },
              Object {
                "flexDirection": "row",
                "justifyContent": "flex-start",
              },
              undefined,
            ],
          ]
        }
      >
        <TextInput
          containerStyle={
            Array [
              Object {
                "backgroundColor": "white",
                "borderBottomColor": "#C8C7CC",
                "borderBottomWidth": 1,
                "justifyContent": "center",
              },
              Object {
                "flexDirection": "row",
                "justifyContent": "flex-start",
              },
              undefined,
            ]
          }
          fieldRef="postcode"
          helpText="Enter your postcode"
          inputStyle={
            Array [
              Object {
                "paddingLeft": 10,
                "paddingRight": 10,
              },
              Object {},
              Object {},
              undefined,
            ]
          }
          keyboardType={undefined}
          labelStyle={
            Array [
              Object {
                "fontSize": 17,
                "justifyContent": "center",
                "lineHeight": 32,
                "paddingLeft": 10,
                "paddingRight": 10,
              },
              undefined,
            ]
          }
          onChange={[Function]}
          onFocus={[Function]}
          onValidation={[Function]}
          placeholder="Postcode"
          style={
            Array [
              Array [
                Object {
                  "paddingLeft": 10,
                  "paddingRight": 10,
                },
                Object {},
                Object {},
                undefined,
              ],
              Object {
                "height": 44,
              },
            ]
          }
          value={undefined}
          width={NaN}
        />
      </View>
      <View
        style={
          Object {
            "marginBottom": 25,
            "marginTop": 9,
            "paddingLeft": 20,
            "paddingRight": 20,
          }
        }
      >
        <Text
          accessible={true}
          allowFontScaling={true}
          ellipsizeMode="tail"
          style={
            Object {
              "color": "#7a7a7a",
            }
          }
        >
          Enter your postcode
        </Text>
      </View>
    </View>
  </View>
  <View
    accessibilityComponentType="button"
    accessibilityLabel="Submit"
    accessibilityTraits={
      Array [
        "button",
      ]
    }
    accessible={true}
    hitSlop={undefined}
    isTVSelectable={true}
    onLayout={undefined}
    onResponderGrant={[Function]}
    onResponderMove={[Function]}
    onResponderRelease={[Function]}
    onResponderTerminate={[Function]}
    onResponderTerminationRequest={[Function]}
    onStartShouldSetResponder={[Function]}
    style={
      Object {
        "opacity": 1,
      }
    }
    testID={undefined}
    tvParallaxProperties={undefined}
  >
    <View
      style={
        Array [
          Object {},
        ]
      }
    >
      <Text
        accessible={true}
        allowFontScaling={true}
        ellipsizeMode="tail"
        style={
          Array [
            Object {
              "color": "#0C42FD",
              "fontSize": 18,
              "padding": 8,
              "textAlign": "center",
            },
            Object {
              "color": "#841584",
            },
          ]
        }
      >
        Submit
      </Text>
    </View>
  </View>
  <View
    accessibilityComponentType="button"
    accessibilityLabel="Submit"
    accessibilityTraits={
      Array [
        "button",
      ]
    }
    accessible={true}
    hitSlop={undefined}
    isTVSelectable={true}
    onLayout={undefined}
    onResponderGrant={[Function]}
    onResponderMove={[Function]}
    onResponderRelease={[Function]}
    onResponderTerminate={[Function]}
    onResponderTerminationRequest={[Function]}
    onStartShouldSetResponder={[Function]}
    style={
      Object {
        "opacity": 1,
      }
    }
    testID={undefined}
    tvParallaxProperties={undefined}
  >
    <View
      style={
        Array [
          Object {},
        ]
      }
    >
      <Text
        accessible={true}
        allowFontScaling={true}
        ellipsizeMode="tail"
        style={
          Array [
            Object {
              "color": "#0C42FD",
              "fontSize": 18,
              "padding": 8,
              "textAlign": "center",
            },
            Object {
              "color": "red",
            },
          ]
        }
      >
        Clear
      </Text>
    </View>
  </View>
</View>
`;
